// Vitest Snapshot v1

exports[`getInstantLoanBranchHoldings should return materials grouped by branches filtered by instantloan config matches and branch whitelist 1`] = `
[
  {
    "branch": {
      "branchId": "DK-775140",
      "title": "Åby",
    },
    "materials": [
      {
        "available": true,
        "itemNumber": "5385203030",
        "materialGroup": {
          "description": "31 dages lånetid til alm lånere",
          "name": "standard",
        },
        "periodical": undefined,
      },
    ],
  },
  {
    "branch": {
      "branchId": "DK-775149",
      "title": "Sabro",
    },
    "materials": [
      {
        "available": true,
        "itemNumber": "5387025822",
        "materialGroup": {
          "description": "31 dages lånetid til alm lånere",
          "name": "standard",
        },
        "periodical": undefined,
      },
      {
        "available": true,
        "itemNumber": "5385203448",
        "materialGroup": {
          "description": "31 dages lånetid til alm lånere",
          "name": "standard",
        },
        "periodical": undefined,
      },
      {
        "available": true,
        "itemNumber": "5385203340",
        "materialGroup": {
          "description": "31 dages lånetid til alm lånere",
          "name": "standard",
        },
        "periodical": undefined,
      },
    ],
  },
  {
    "branch": {
      "branchId": "DK-775149",
      "title": "Sabro",
    },
    "materials": [
      {
        "available": true,
        "itemNumber": "5385203006",
        "materialGroup": {
          "description": "31 dages lånetid til alm lånere",
          "name": "standard",
        },
        "periodical": undefined,
      },
      {
        "available": true,
        "itemNumber": "5387007409",
        "materialGroup": {
          "description": "31 dages lånetid til alm lånere",
          "name": "standard",
        },
        "periodical": undefined,
      },
    ],
  },
  {
    "branch": {
      "branchId": "DK-775140",
      "title": "Åby",
    },
    "materials": [
      {
        "available": true,
        "itemNumber": "5387496531",
        "materialGroup": {
          "description": "31 dages lånetid til alm lånere",
          "name": "standard",
        },
        "periodical": undefined,
      },
      {
        "available": true,
        "itemNumber": "5385203251",
        "materialGroup": {
          "description": "31 dages lånetid til alm lånere",
          "name": "standard",
        },
        "periodical": undefined,
      },
    ],
  },
]
`;
